[
  {
    "errorCount": 4,
    "fatalErrorCount": 0,
    "fixableErrorCount": 4,
    "fixableWarningCount": 0,
    "messages": [
      {
        "column": 5,
        "endColumn": 6,
        "endLine": 14,
        "fix": {
          "range": [
            259,
            330,
          ],
          "text": "rounded px-4 py-2 font-semibold shadow-sm transition-all transition-all",
        },
        "line": 10,
        "message": "TailwindCSS classes should be sorted",
        "messageId": "sort-classes",
        "nodeType": "CallExpression",
        "ruleId": "svelte-tailwindcss/sort-classes",
        "severity": 2,
      },
      {
        "column": 5,
        "endColumn": 6,
        "endLine": 14,
        "fix": {
          "range": [
            356,
            419,
          ],
          "text": "cursor-not-allowed cursor-not-allowed bg-gray-300 text-gray-500",
        },
        "line": 10,
        "message": "TailwindCSS classes should be sorted",
        "messageId": "sort-classes",
        "nodeType": "CallExpression",
        "ruleId": "svelte-tailwindcss/sort-classes",
        "severity": 2,
      },
      {
        "column": 5,
        "endColumn": 6,
        "endLine": 14,
        "fix": {
          "range": [
            424,
            464,
          ],
          "text": "bg-blue-500 text-white hover:bg-blue-600",
        },
        "line": 10,
        "message": "TailwindCSS classes should be sorted",
        "messageId": "sort-classes",
        "nodeType": "CallExpression",
        "ruleId": "svelte-tailwindcss/sort-classes",
        "severity": 2,
      },
      {
        "column": 4,
        "endColumn": 75,
        "endLine": 18,
        "fix": {
          "range": [
            516,
            579,
          ],
          "text": "cursor-not-allowed cursor-not-allowed bg-gray-300 text-gray-500",
        },
        "line": 18,
        "message": "TailwindCSS classes should be sorted",
        "messageId": "sort-classes",
        "nodeType": "SvelteAttribute",
        "ruleId": "svelte-tailwindcss/sort-classes",
        "severity": 2,
      },
    ],
    "warningCount": 0,
  },
]