[
  {
    "errorCount": 4,
    "fatalErrorCount": 0,
    "fixableErrorCount": 4,
    "fixableWarningCount": 0,
    "messages": [
      {
        "column": 5,
        "endColumn": 6,
        "endLine": 14,
        "fix": {
          "range": [
            259,
            351,
          ],
          "text": "ui-rounded ui-px-4 ui-py-2 ui-font-semibold ui-shadow-sm ui-transition-all",
        },
        "line": 10,
        "message": "TailwindCSS classes should be sorted",
        "messageId": "sort-classes",
        "nodeType": "CallExpression",
        "ruleId": "svelte-tailwindcss/sort-classes",
        "severity": 2,
      },
      {
        "column": 5,
        "endColumn": 6,
        "endLine": 14,
        "fix": {
          "range": [
            377,
            452,
          ],
          "text": "ui-cursor-not-allowed ui-bg-gray-300 ui-text-gray-500",
        },
        "line": 10,
        "message": "TailwindCSS classes should be sorted",
        "messageId": "sort-classes",
        "nodeType": "CallExpression",
        "ruleId": "svelte-tailwindcss/sort-classes",
        "severity": 2,
      },
      {
        "column": 5,
        "endColumn": 6,
        "endLine": 14,
        "fix": {
          "range": [
            457,
            506,
          ],
          "text": "ui-hover:bg-blue-600 ui-bg-blue-500 ui-text-white",
        },
        "line": 10,
        "message": "TailwindCSS classes should be sorted",
        "messageId": "sort-classes",
        "nodeType": "CallExpression",
        "ruleId": "svelte-tailwindcss/sort-classes",
        "severity": 2,
      },
      {
        "column": 4,
        "endColumn": 87,
        "endLine": 19,
        "fix": {
          "range": [
            591,
            666,
          ],
          "text": "ui-cursor-not-allowed ui-bg-gray-300 ui-text-gray-500",
        },
        "line": 19,
        "message": "TailwindCSS classes should be sorted",
        "messageId": "sort-classes",
        "nodeType": "SvelteAttribute",
        "ruleId": "svelte-tailwindcss/sort-classes",
        "severity": 2,
      },
    ],
    "warningCount": 0,
  },
]