[
  {
    "errorCount": 0,
    "fatalErrorCount": 0,
    "fixableErrorCount": 0,
    "fixableWarningCount": 1,
    "messages": [
      {
        "column": 1,
        "endColumn": 9,
        "endLine": 7,
        "fix": {
          "range": [
            34,
            34,
          ],
          "text": " lang="postcss"",
        },
        "line": 3,
        "message": "Using '@apply' requires setting style lang to postcss",
        "messageId": "require-postcss",
        "nodeType": "SvelteStyleElement",
        "ruleId": "svelte-tailwindcss/at-apply-require-postcss",
        "severity": 1,
      },
    ],
    "warningCount": 1,
  },
]