[
  {
    "errorCount": 5,
    "fatalErrorCount": 0,
    "fixableErrorCount": 5,
    "fixableWarningCount": 0,
    "messages": [
      {
        "column": 7,
        "endColumn": 119,
        "endLine": 29,
        "fix": {
          "range": [
            865,
            979,
          ],
          "text": "ui-hover:bg-muted ui-flex ui-cursor-pointer ui-items-center ui-justify-center ui-rounded-full ui-transition-colors",
        },
        "line": 28,
        "message": "TailwindCSS classes should be sorted",
        "messageId": "sort-classes",
        "nodeType": "VariableDeclarator",
        "ruleId": "svelte-tailwindcss/sort-classes",
        "severity": 2,
      },
      {
        "column": 7,
        "endColumn": 2,
        "endLine": 38,
        "fix": {
          "range": [
            1056,
            1132,
          ],
          "text": "ui-stroke-destructive-500 ui-text-destructive-500 hover:ui-bg-destructive-50",
        },
        "line": 30,
        "message": "TailwindCSS classes should be sorted",
        "messageId": "sort-classes",
        "nodeType": "VariableDeclarator",
        "ruleId": "svelte-tailwindcss/sort-classes",
        "severity": 2,
      },
      {
        "column": 7,
        "endColumn": 2,
        "endLine": 38,
        "fix": {
          "range": [
            1149,
            1353,
          ],
          "text": "ui-text-foreground ui-stroke-foreground ui-bg-transparent hover:ui-bg-surface-50 disabled:ui-bg-surface-50 disabled:ui-text-surface-200 dark:ui-stroke-white dark:ui-text-white dark:hover:ui-bg-surface-900",
        },
        "line": 30,
        "message": "TailwindCSS classes should be sorted",
        "messageId": "sort-classes",
        "nodeType": "VariableDeclarator",
        "ruleId": "svelte-tailwindcss/sort-classes",
        "severity": 2,
      },
      {
        "column": 7,
        "endColumn": 2,
        "endLine": 38,
        "fix": {
          "range": [
            1372,
            1554,
          ],
          "text": "ui-bg-primary ui-stroke-white ui-text-white hover:ui-bg-primary/90 disabled:ui-bg-primary/75 dark:ui-bg-primary-800 hover:dark:ui-bg-primary-800/90 dark:disabled:ui-bg-primary-800/75",
        },
        "line": 30,
        "message": "TailwindCSS classes should be sorted",
        "messageId": "sort-classes",
        "nodeType": "VariableDeclarator",
        "ruleId": "svelte-tailwindcss/sort-classes",
        "severity": 2,
      },
      {
        "column": 7,
        "endColumn": 2,
        "endLine": 38,
        "fix": {
          "range": [
            1573,
            1800,
          ],
          "text": "ui-border ui-border-transparent ui-bg-surface-50 hover:ui-border-surface-100 hover:ui-bg-surface/80 dark:ui-bg-surface-900 dark:ui-stroke-white dark:ui-text-white dark:hover:ui-border-surface-700 dark:hover:ui-bg-surface-900/90",
        },
        "line": 30,
        "message": "TailwindCSS classes should be sorted",
        "messageId": "sort-classes",
        "nodeType": "VariableDeclarator",
        "ruleId": "svelte-tailwindcss/sort-classes",
        "severity": 2,
      },
    ],
    "warningCount": 0,
  },
]