[
  {
    "errorCount": 1,
    "fatalErrorCount": 0,
    "fixableErrorCount": 1,
    "fixableWarningCount": 0,
    "messages": [
      {
        "column": 4,
        "endColumn": 87,
        "endLine": 19,
        "fix": {
          "range": [
            591,
            666,
          ],
          "text": "ui-cursor-not-allowed ui-bg-gray-300 ui-text-gray-500",
        },
        "line": 19,
        "message": "TailwindCSS classes should be sorted",
        "messageId": "sort-classes",
        "nodeType": "SvelteAttribute",
        "ruleId": "svelte-tailwindcss/sort-classes",
        "severity": 2,
      },
    ],
    "warningCount": 0,
  },
]